// Vitest Snapshot v1, https://vitest.dev/guide/snapshot.html

exports[`EpFooter component > Renders 1`] = `
"<footer data-v-d45b1334="">
  <div data-v-d45b1334="" class="footer-content link-style">
    <div data-v-d45b1334="" class="row">
      <div data-v-d45b1334="" class="col-lg col-slot"><img data-v-d45b1334="" src="/public/img/banners/oph_logo.svg" alt="oph"></div>
      <div data-v-d45b1334="" class="col-md col-slot">
        <p data-v-d45b1334="" class="linkki-kuvaus">opetushallitus</p>
        <div data-v-742a49b4="" data-v-d45b1334="" class="linkki"><a data-v-742a49b4="" href="https://www.oph.fi/fi" rel="noopener noreferrer" target="_blank"><span data-v-07230345="" data-v-742a49b4="" class="material-icons icon mr-1" style="font-size: 18px;" alt="avautuu-uuteen-valilehteen">launch</span><span data-v-742a49b4="">www.oph.fi</span>
            <!--v-if-->
          </a></div>
      </div>
      <div data-v-d45b1334="" class="col-md col-slot">
        <p data-v-d45b1334="" class="linkki-kuvaus">opintopolku</p>
        <div data-v-742a49b4="" data-v-d45b1334="" class="linkki"><a data-v-742a49b4="" href="https://opintopolku.fi/konfo/fi" rel="noopener noreferrer" target="_blank"><span data-v-07230345="" data-v-742a49b4="" class="material-icons icon mr-1" style="font-size: 18px;" alt="avautuu-uuteen-valilehteen">launch</span><span data-v-742a49b4="">opintopolku.fi</span>
            <!--v-if-->
          </a></div>
      </div>
      <div data-v-d45b1334="" class="col-md col-slot">
        <p data-v-d45b1334="" class="linkki-kuvaus">eperusteet</p>
        <div data-v-742a49b4="" data-v-d45b1334="" class="linkki"><a data-v-742a49b4="" href="https://eperusteet.opintopolku.fi/#/fi" rel="noopener noreferrer" target="_blank"><span data-v-07230345="" data-v-742a49b4="" class="material-icons icon mr-1" style="font-size: 18px;" alt="avautuu-uuteen-valilehteen">launch</span><span data-v-742a49b4="">eperusteet.opintopolku.fi</span>
            <!--v-if-->
          </a></div>
      </div>
      <div data-v-d45b1334="" class="col-md col-slot">
        <!--v-if-->
        <div data-v-d45b1334="" class="flex link-style"><span data-v-07230345="" data-v-d45b1334="" class="material-icons icon">chevron_right</span>
          <div data-v-742a49b4="" data-v-d45b1334="" class="linkki medium"><a data-v-742a49b4="" href="https://opintopolku.fi/konfo/fi/sivu/tietosuojaselosteet-ja-evasteet" rel="noopener noreferrer" target="_blank">
              <!--v-if-->tietosuojaseloste
              <!--v-if-->
            </a></div>
        </div>
      </div>
    </div>
  </div>
</footer>"
`;
