// Vitest Snapshot v1, https://vitest.dev/guide/snapshot.html

exports[`EpSpinner component > Renders 1`] = `
"<div data-v-97322137="" class="spinner">
  <div data-v-97322137="" class="oph-spinner">
    <div data-v-97322137="" class="oph-bounce oph-bounce1"></div>
    <div data-v-97322137="" class="oph-bounce oph-bounce2"></div>
    <div data-v-97322137="" class="oph-bounce oph-bounce3"></div>
  </div>
</div>"
`;
