// Vitest Snapshot v1, https://vitest.dev/guide/snapshot.html

exports[`Api > Has caller id 1`] = `
{
  "common": {
    "Accept": "application/json, text/plain, */*",
    "Caller-Id": "1.2.246.562.10.00000000001.eperusteet",
    "Content-Type": undefined,
  },
  "delete": {},
  "get": {},
  "head": {},
  "patch": {},
  "post": {},
  "put": {},
}
`;
