// Jest Snapshot v1, https://goo.gl/fbAQLP

exports[`Api Has caller id 1`] = `
Object {
  "common": Object {
    "Accept": "application/json, text/plain, */*",
    "Caller-Id": "1.2.246.562.10.00000000001.eperusteet",
  },
  "delete": Object {},
  "get": Object {},
  "head": Object {},
  "patch": Object {
    "Content-Type": "application/x-www-form-urlencoded",
  },
  "post": Object {
    "Content-Type": "application/x-www-form-urlencoded",
  },
  "put": Object {
    "Content-Type": "application/x-www-form-urlencoded",
  },
}
`;
