// Jest Snapshot v1, https://goo.gl/fbAQLP

exports[`EpKayttaja component Renders 1`] = `
<div class="kayttaja">
  <li id="kayttaja-dropdown" class="nav-item b-nav-dropdown dropdown"><a id="kayttaja-dropdown__BV_toggle_" role="button" aria-haspopup="true" aria-expanded="false" href="#kayttaja-dropdown" target="_self" class="nav-link dropdown-toggle dropdown-toggle-no-caret">
      <div class="d-flex flex-row">
        <div class="kayttaja-valikko d-flex flex-column"><span class="kielivalitsin text-right">etunimi sukunimi</span>
          <!---->
        </div>
        <div fixed-width="" icon="chevron-down" class="mx-2 my-1"></div>
      </div>
    </a>
    <ul tabindex="-1" aria-labelledby="kayttaja-dropdown__BV_toggle_" class="dropdown-menu dropdown-menu-right">
      <!---->
      <div>
        <!---->
        <div class="ep-collapse">
          <div role="button" tabindex="0" class="collapse-button d-flex">
            <!---->
            <div class="align-self-start">
              <div class="">
                <div>
                  <div class="pl-3 pt-2 text-nowrap kieli">
                    <div fixed-width="" icon="kielet" class="icon mr-3"></div> <span>kieli</span>
                  </div>
                  <div class="pl-3 uikieli"><span class="icon mr-3"></span> <small>sv</small></div>
                </div>
              </div>
            </div>
            <div class="ml-auto align-self-start" style="padding: 0.8rem 1rem;">
              <div fixed-width="" icon="chevron-down"></div>
            </div>
          </div>
          <!---->
        </div>
        <!---->
      </div>
      <li role="presentation"><a role="menuitem" href="/henkilo-ui/omattiedot" target="_self" class="dropdown-item">
          <div fixed-width="" icon="user" class="icon mr-3"></div><span>kayttajan-asetukset</span>
        </a></li>
      <li role="presentation"><a role="menuitem" href="/virkailijan-tyopoyta" target="_self" class="dropdown-item">
          <div fixed-width="" icon="ulkoinen-linkki" class="icon mr-3"></div><span>palaa-virkailijan-tyopyodalle</span>
        </a></li>
      <li role="presentation">
        <hr role="separator" aria-orientation="horizontal" class="dropdown-divider">
      </li>
      <!---->
    </ul>
  </li>
</div>
`;
