// Vitest Snapshot v1, https://vitest.dev/guide/snapshot.html

exports[`EpKayttaja component > Renders 1`] = `
"<div data-v-9ad4d674="" class="kayttaja">
  <div data-v-9ad4d674="" class="b-nav-item-dropdown" id="kayttaja-dropdown" right="" no-caret="">
    <!--v-if-->
    <div data-v-24bfaad2="" data-v-9ad4d674="">
      <!--v-if-->
      <div data-v-24bfaad2="" class="ep-collapse">
        <!-- Button tagia ei voida käyttää, sillä ml-auto ei toimi.-->
        <!-- Käytetään button rolea saavutettavuuden takaamiseksi.-->
        <div data-v-24bfaad2="" class="collapse-button flex items-center my-2 mr-1" role="button" tabindex="0" aria-expanded="false">
          <!--v-if-->
          <div data-v-24bfaad2="" class="align-self-start header">
            <div data-v-24bfaad2="" class="">
              <div data-v-9ad4d674="" class="pl-3 pt-2 text-nowrap kieli"><span data-v-07230345="" data-v-9ad4d674="" class="material-icons icon icon mr-3"> language </span><span data-v-9ad4d674="">kieli</span></div>
              <div data-v-9ad4d674="" class="pl-3 uikieli"><span data-v-9ad4d674="" class="icon mr-3"></span><small data-v-9ad4d674="">sv</small></div>
            </div>
          </div>
          <div data-v-9ad4d674="" class="ml-auto align-self-start" style="padding: 0.8rem 1rem;"><span data-v-07230345="" data-v-9ad4d674="" class="material-icons icon"> expand_more </span></div>
        </div>
        <!--v-if-->
      </div>
      <!--v-if-->
    </div>
    <div data-v-9ad4d674="" class="b-dd-item" href="/henkilo-ui/omattiedot"><span data-v-07230345="" data-v-9ad4d674="" class="material-icons icon icon mr-3"> person </span><span data-v-9ad4d674="">kayttajan-asetukset</span></div>
    <div data-v-9ad4d674="" class="b-dropdown-divider"></div><!-- Sovellussiisrtymä  -->
    <div data-v-24bfaad2="" data-v-9ad4d674="">
      <!--v-if-->
      <div data-v-24bfaad2="" class="ep-collapse">
        <!-- Button tagia ei voida käyttää, sillä ml-auto ei toimi.-->
        <!-- Käytetään button rolea saavutettavuuden takaamiseksi.-->
        <div data-v-24bfaad2="" class="collapse-button flex items-center my-2 mr-1" role="button" tabindex="0" aria-expanded="true">
          <!--v-if-->
          <div data-v-24bfaad2="" class="align-self-start header">
            <div data-v-24bfaad2="" class="header-toggled">
              <div data-v-9ad4d674="" class="pl-3 pt-2 text-nowrap kieli"><span data-v-07230345="" data-v-9ad4d674="" class="material-icons icon icon mr-3"> launch </span><span data-v-9ad4d674="">vaihda-sovellusta</span></div>
              <div data-v-9ad4d674="" class="pl-3 valittu-sovellus pb-2"><span data-v-9ad4d674="" class="icon mr-3"></span><small data-v-9ad4d674="">APP_EPERUSTEET</small></div>
            </div>
          </div>
          <div data-v-9ad4d674="" class="ml-auto align-self-start" style="padding: 0.8rem 1rem;"><span data-v-07230345="" data-v-9ad4d674="" class="material-icons icon"> expand_less </span></div>
        </div>
        <div data-v-24bfaad2="" class="collapse-content">
          <div data-v-9ad4d674="" class="collapse-tausta text-left">
            <div data-v-9ad4d674="" class="b-dd-item sovellusoikeus" href="eperuste-url" disabled="true">
              <div data-v-9ad4d674="" class="collapse-tausta-valinta-icon"><span data-v-07230345="" data-v-9ad4d674="" class="material-icons icon mr-3 valittu"> done </span></div> APP_EPERUSTEET
            </div>
            <div data-v-9ad4d674="" class="b-dd-item sovellusoikeus" href="amosaa-url" disabled="false">
              <div data-v-9ad4d674="" class="collapse-tausta-valinta-icon">
                <!--v-if-->
              </div> APP_EPERUSTEET_AMOSAA
            </div>
            <div data-v-9ad4d674="" class="b-dd-item" href="/virkailijan-tyopoyta">
              <div data-v-9ad4d674="" class="collapse-tausta-valinta-icon"></div> virkailijan-tyopoyta
            </div>
          </div>
        </div>
      </div>
      <!--v-if-->
    </div>
    <div data-v-9ad4d674="" class="b-dropdown-divider"></div>
    <div data-v-9ad4d674="" class="b-dd-item" href="/service-provider-app/saml/logout"><span data-v-07230345="" data-v-9ad4d674="" class="material-icons icon mr-3 valittu"> logout </span><span data-v-9ad4d674="">kirjaudu-ulos</span></div>
    <div class="b-nav-item-dropdown__slot-button-content">
      <div data-v-9ad4d674="" class="flex flex-row">
        <div data-v-9ad4d674="" class="kayttaja-valikko flex flex-col"><span data-v-9ad4d674="" class="kielivalitsin text-right">etunimi sukunimi</span>
          <!--v-if-->
        </div><span data-v-07230345="" data-v-9ad4d674="" class="material-icons icon">expand_more</span>
      </div>
    </div>
  </div>
</div>"
`;
