// Jest Snapshot v1, https://goo.gl/fbAQLP

exports[`EpKielivalinta component Renders 1`] = `
<div class="dropdown b-dropdown kielivalinta btn-group">
  <!----><button aria-haspopup="true" aria-expanded="false" type="button" class="btn dropdown-toggle btn-secondary btn-sm"><span>kieli-sisalto:
      <span class="valittukieli">fi</span> <span aria-hidden="true" class="icon material-icons">expand_more</span></span></button>
  <ul role="menu" tabindex="-1" class="dropdown-menu dropdown-menu-right">
    <li role="presentation"><a role="menuitem" href="#" target="_self" tabindex="-1" aria-disabled="true" class="dropdown-item disabled">fi</a></li>
    <li role="presentation"><a role="menuitem" href="#" target="_self" class="dropdown-item">sv</a></li>
    <li role="presentation"><a role="menuitem" href="#" target="_self" class="dropdown-item">en</a></li>
  </ul>
</div>
`;
