// Vitest Snapshot v1, https://vitest.dev/guide/snapshot.html

exports[`EpKielivalinta component > Renders 1`] = `
"<div data-v-6f7ccfa1="" class="b-dropdown kielivalinta" size="sm" right="">
  <div data-v-6f7ccfa1="" class="b-dropdown-item" disabled="true">fi</div>
  <div data-v-6f7ccfa1="" class="b-dropdown-item" disabled="false">sv</div>
  <div data-v-6f7ccfa1="" class="b-dropdown-item" disabled="false">en</div>
  <div class="b-dropdown__slot-button-content"><span data-v-6f7ccfa1="">kieli-sisalto: <span data-v-6f7ccfa1="" class="valittukieli">fi</span><span data-v-07230345="" data-v-6f7ccfa1="" class="material-icons icon">expand_more</span></span></div>
</div>"
`;
